<?xml version="1.0" encoding="UTF-8"?>
<testsuites name="jest tests" tests="1" failures="0" errors="0" time="3.329">
  <testsuite name="src/App.test.js" errors="0" failures="0" skipped="0" timestamp="2025-05-10T15:54:27" time="2.591" tests="1">
    <testcase classname="-renders learn Jenkins link" name="-renders learn Jenkins link" time="0.045">
    </testcase>
  </testsuite>
</testsuites>
